15:22:16 07-08-2025 >> Từ cổng: COM4$9600$8$None$1$None$LittleEndian$10$2, kết quả: ?
15:22:32 07-08-2025 >> Từ cổng: COM4$9600$8$None$1$None$LittleEndian$10$2, kết quả: ?
15:22:48 07-08-2025 >> Từ cổng: COM4$9600$8$None$1$None$LittleEndian$10$2, kết quả: ?
15:22:55 07-08-2025 >> Từ cổng: COM4$9600$8$None$1$None$LittleEndian$10$2, kết quả: ?
15:23:11 07-08-2025 >> Từ cổng: COM4$9600$8$None$1$None$LittleEndian$10$2, kết quả: ?
15:23:11 07-08-2025 >> Từ cổng: COM4$9600$8$None$1$None$LittleEndian$10$2, kết quả: ?
15:23:26 07-08-2025 >> Từ cổng: COM4$9600$8$None$1$None$LittleEndian$10$2, kết quả: ?
15:23:26 07-08-2025 >> Từ cổng: COM4$9600$8$None$1$None$LittleEndian$10$2, kết quả: ?
15:23:42 07-08-2025 >> Từ cổng: COM4$9600$8$None$1$None$LittleEndian$10$2, kết quả: ?
15:23:42 07-08-2025 >> Từ cổng: COM4$9600$8$None$1$None$LittleEndian$10$2, kết quả: ?
15:23:58 07-08-2025 >> Từ cổng: COM4$9600$8$None$1$None$LittleEndian$10$2, kết quả: ?
15:23:58 07-08-2025 >> Từ cổng: COM4$9600$8$None$1$None$LittleEndian$10$2, kết quả: ?
15:24:14 07-08-2025 >> Từ cổng: COM4$9600$8$None$1$None$LittleEndian$10$2, kết quả: ?
15:24:14 07-08-2025 >> Từ cổng: COM4$9600$8$None$1$None$LittleEndian$10$2, kết quả: ?
15:24:29 07-08-2025 >> Từ cổng: COM4$9600$8$None$1$None$LittleEndian$10$2, kết quả: ?
15:24:29 07-08-2025 >> Từ cổng: COM4$9600$8$None$1$None$LittleEndian$10$2, kết quả: ?
15:24:45 07-08-2025 >> Từ cổng: COM4$9600$8$None$1$None$LittleEndian$10$2, kết quả: ?
15:24:45 07-08-2025 >> Từ cổng: COM4$9600$8$None$1$None$LittleEndian$10$2, kết quả: ?
15:25:02 07-08-2025 >> Từ cổng: COM4$9600$8$None$1$None$LittleEndian$10$2, kết quả: ?
15:25:19 07-08-2025 >> Từ cổng: COM4$9600$8$None$1$None$LittleEndian$10$2, kết quả: ?
15:25:35 07-08-2025 >> Từ cổng: COM4$9600$8$None$1$None$LittleEndian$10$2, kết quả: ?
15:25:50 07-08-2025 >> Từ cổng: COM4$9600$8$None$1$None$LittleEndian$10$2, kết quả: ?
15:26:05 07-08-2025 >> Từ cổng: COM4$9600$8$None$1$None$LittleEndian$10$2, kết quả: ?
15:26:06 07-08-2025 >> Từ cổng: COM4$9600$8$None$1$None$LittleEndian$10$2, kết quả: ?
15:26:21 07-08-2025 >> Từ cổng: COM4$9600$8$None$1$None$LittleEndian$10$2, kết quả: ?
15:26:21 07-08-2025 >> Từ cổng: COM4$9600$8$None$1$None$LittleEndian$10$2, kết quả: ?
15:26:36 07-08-2025 >> Từ cổng: COM4$9600$7$None$1$None$LittleEndian$10$2, kết quả: 
15:26:37 07-08-2025 >> Từ cổng: COM4$9600$7$None$1$None$LittleEndian$10$2, kết quả: 
15:26:52 07-08-2025 >> Từ cổng: COM4$9600$7$None$1$None$LittleEndian$10$2, kết quả: 
15:28:30 07-08-2025 >> Từ cổng: COM4$9600$7$None$1$None$LittleEndian$10$2, kết quả: ~
15:28:45 07-08-2025 >> Từ cổng: COM4$9600$7$None$1$None$LittleEndian$10$2, kết quả: 17
15:28:45 07-08-2025 >> Từ cổng: COM4$9600$7$None$1$None$LittleEndian$10$2, kết quả: 07,
15:28:45 07-08-2025 >> Từ cổng: COM4$9600$7$None$1$None$LittleEndian$10$2, kết quả: 08-07-
15:28:45 07-08-2025 >> Từ cổng: COM4$9600$7$None$1$None$LittleEndian$10$2, kết quả: 2025, 3:04
15:28:45 07-08-2025 >> Từ cổng: COM4$9600$7$None$1$None$LittleEndian$10$2, kết quả: PM,,NG-BICH LIEU
15:28:45 07-08-2025 >> Từ cổng: COM4$9600$7$None$1$None$LittleEndian$10$2, kết quả: ,,,,
15:28:45 07-08-2025 >> Từ cổng: COM4$9600$7$None$1$None$LittleEndian$10$2, kết quả: ,Multistix 1
15:28:45 07-08-2025 >> Từ cổng: COM4$9600$7$None$1$None$LittleEndian$10$2, kết quả: 0 SG,
15:28:45 07-08-2025 >> Từ cổng: COM4$9600$7$None$1$None$LittleEndian$10$2, kết quả: Not Ent
15:28:45 07-08-2025 >> Từ cổng: COM4$9600$7$None$1$None$LittleEndian$10$2, kết quả: ered,
15:28:45 07-08-2025 >> Từ cổng: COM4$9600$7$None$1$None$LittleEndian$10$2, kết quả: Not Ent
15:28:45 07-08-2025 >> Từ cổng: COM4$9600$7$None$1$None$LittleEndian$10$2, kết quả: ered,
15:28:45 07-08-2025 >> Từ cổng: COM4$9600$7$None$1$None$LittleEndian$10$2, kết quả: G
15:28:45 07-08-2025 >> Từ cổng: COM4$9600$7$None$1$None$LittleEndian$10$2, kết quả: LU,14 mmol/L,,BIL,Negative
15:28:45 07-08-2025 >> Từ cổng: COM4$9600$7$None$1$None$LittleEndian$10$2, kết quả: ,,KE
15:28:45 07-08-2025 >> Từ cổng: COM4$9600$7$None$1$None$LittleEndian$10$2, kết quả: T,Negative,,
15:28:45 07-08-2025 >> Từ cổng: COM4$9600$7$None$1$None$LittleEndian$10$2, kết quả: SG
15:28:45 07-08-2025 >> Từ cổng: COM4$9600$7$None$1$None$LittleEndian$10$2, kết quả:  ,1.01
15:28:45 07-08-2025 >> Từ cổng: COM4$9600$7$None$1$None$LittleEndian$10$2, kết quả: 0,,BLD
15:28:45 07-08-2025 >> Từ cổng: COM4$9600$7$None$1$None$LittleEndian$10$2, kết quả: ,Ca 80 
15:28:45 07-08-2025 >> Từ cổng: COM4$9600$7$None$1$None$LittleEndian$10$2, kết quả: Ery/uL,,pH ,
15:28:45 07-08-2025 >> Từ cổng: COM4$9600$7$None$1$None$LittleEndian$10$2, kết quả: 6.0,,P
15:28:45 07-08-2025 >> Từ cổng: COM4$9600$7$None$1$None$LittleEndian$10$2, kết quả: RO,1.0 g/L,,
15:28:45 07-08-2025 >> Từ cổng: COM4$9600$7$None$1$None$LittleEndian$10$2, kết quả: UBG
15:28:45 07-08-2025 >> Từ cổng: COM4$9600$7$None$1$None$LittleEndian$10$2, kết quả: ,3.2 umol/L
15:28:45 07-08-2025 >> Từ cổng: COM4$9600$7$None$1$None$LittleEndian$10$2, kết quả: ,,NIT,Neg
15:28:45 07-08-2025 >> Từ cổng: COM4$9600$7$None$1$None$LittleEndian$10$2, kết quả: ative,,
15:28:45 07-08-2025 >> Từ cổng: COM4$9600$7$None$1$None$LittleEndian$10$2, kết quả: LEU
15:28:45 07-08-2025 >> Từ cổng: COM4$9600$7$None$1$None$LittleEndian$10$2, kết quả: ,Ca 15 Le
15:28:45 07-08-2025 >> Từ cổng: COM4$9600$7$None$1$None$LittleEndian$10$2, kết quả: u/uL,
16:23:54 07-08-2025 >> Từ cổng: COM4$9600$8$None$1$None$LittleEndian$10$2, kết quả: QT
16:23:54 07-08-2025 >> Từ cổng: COM4$9600$8$None$1$None$LittleEndian$10$2, kết quả: ???7n1%???P??P?\PX??V?1??X\PX\PX\P?Q?P??P??P?
16:23:54 07-08-2025 >> Từ cổng: COM4$9600$8$None$1$None$LittleEndian$10$2, kết quả: ?P?????
16:23:54 07-08-2025 >> Từ cổng: COM4$9600$8$None$1$None$LittleEndian$10$2, kết quả: ?
16:23:54 07-08-2025 >> Từ cổng: COM4$9600$8$None$1$None$LittleEndian$10$2, kết quả: 9?j???
16:23:54 07-08-2025 >> Từ cổng: COM4$9600$8$None$1$None$LittleEndian$10$2, kết quả: ?
16:24:45 07-08-2025 >> Từ cổng: COM4$115200$8$None$1$None$LittleEndian$10$2, kết quả:     ? ?   ? ?  ? 
16:24:45 07-08-2025 >> Từ cổng: COM4$115200$8$None$1$None$LittleEndian$10$2, kết quả:   ?    ?  ???? ? ??? ?? ??    ???   ?  ? ?   ? ?   ?     ?   ?    ?        ??  ?    ?        ?    ??  ? ????  ? ?    ?? ???      ?? ? ???  ??   ?  ?    ?    ?        ?    ?        ?    ?        ? ?     ?        ?    ?        ?    ? ?       ?    ? ?       ?    ? ???  ? ?  ??  ?    
16:24:45 07-08-2025 >> Từ cổng: COM4$115200$8$None$1$None$LittleEndian$10$2, kết quả:  ? 
16:24:45 07-08-2025 >> Từ cổng: COM4$115200$8$None$1$None$LittleEndian$10$2, kết quả:  ???  ???     ? ?   ??? ?  ??    ??  ?   ?  ?? ?     ? 
16:24:55 07-08-2025 >> Từ cổng: COM4$115200$8$None$1$None$LittleEndian$10$2, kết quả:     ? ?
16:24:55 07-08-2025 >> Từ cổng: COM4$115200$8$None$1$None$LittleEndian$10$2, kết quả:    ? ?  ?   ?    ?  ???? ? ??? ?? ??    ???   ?  ? ?   ? ?   ?     ?   ?    
16:24:55 07-08-2025 >> Từ cổng: COM4$115200$8$None$1$None$LittleEndian$10$2, kết quả: ?        ??  ?    ?        ?    ??  ? ????  ? ?    ?? ???      ?? ? ???  ??   ?  ?    ?    ?        ?    ?        ?    ?        ? ?     ?        ?    ?        ?
16:24:55 07-08-2025 >> Từ cổng: COM4$115200$8$None$1$None$LittleEndian$10$2, kết quả:     ? ?       ?    ? ?       ?    ? ???  ? ?  ??  ?    
16:24:55 07-08-2025 >> Từ cổng: COM4$115200$8$None$1$None$LittleEndian$10$2, kết quả:  ?  
16:24:55 07-08-2025 >> Từ cổng: COM4$115200$8$None$1$None$LittleEndian$10$2, kết quả: ???  ???     ? ?   ??? ?  ??    ??  ?   ?  ?? ?     ? 
16:25:12 07-08-2025 >> Từ cổng: COM4$115200$8$None$1$None$LittleEndian$10$2, kết quả:     ? 
16:25:12 07-08-2025 >> Từ cổng: COM4$115200$8$None$1$None$LittleEndian$10$2, kết quả: ?   ? ?  ?   ?    ?  ???? ? ??? ?? ??    ???   ?
16:25:12 07-08-2025 >> Từ cổng: COM4$115200$8$None$1$None$LittleEndian$10$2, kết quả:   ? ?   ? ?   ?     ? 
16:25:12 07-08-2025 >> Từ cổng: COM4$115200$8$None$1$None$LittleEndian$10$2, kết quả:   ?    ?        ??  ?    ?  
16:25:12 07-08-2025 >> Từ cổng: COM4$115200$8$None$1$None$LittleEndian$10$2, kết quả:       ?    ??  ? ????  ? ?    ?? ??? 
16:25:12 07-08-2025 >> Từ cổng: COM4$115200$8$None$1$None$LittleEndian$10$2, kết quả:      ?? ? ???  ??   ?  ?    ?    ?   
16:25:12 07-08-2025 >> Từ cổng: COM4$115200$8$None$1$None$LittleEndian$10$2, kết quả:      ?    ?        ?    ?   
16:25:12 07-08-2025 >> Từ cổng: COM4$115200$8$None$1$None$LittleEndian$10$2, kết quả:      ? ?     ?        ?    ?  
16:25:12 07-08-2025 >> Từ cổng: COM4$115200$8$None$1$None$LittleEndian$10$2, kết quả:       ?    ? ?       ?    ? ?  
16:25:12 07-08-2025 >> Từ cổng: COM4$115200$8$None$1$None$LittleEndian$10$2, kết quả:      ?    ? ???  ? ?  ??  ?    
16:25:12 07-08-2025 >> Từ cổng: COM4$115200$8$None$1$None$LittleEndian$10$2, kết quả:  ? 
16:25:12 07-08-2025 >> Từ cổng: COM4$115200$8$None$1$None$LittleEndian$10$2, kết quả:  ???  ???     ? ?   ??? ?  ??    ??  ?   ?  ?? ?     ? 
16:26:13 07-08-2025 >> Từ cổng: COM4$4800$8$None$1$None$LittleEndian$10$2, kết quả: A?
16:26:13 07-08-2025 >> Từ cổng: COM4$4800$8$None$1$None$LittleEndian$10$2, kết quả: ??|r04 ???Q$2 :20tr8t?
16:26:13 07-08-2025 >> Từ cổng: COM4$4800$8$None$1$None$LittleEndian$10$2, kết quả: 9??
16:49:41 07-08-2025 >> Từ cổng: COM4$4800$8$None$1$None$LittleEndian$10$2, kết quả: ?(
16:49:42 07-08-2025 >> Từ cổng: COM4$4800$8$None$1$None$LittleEndian$10$2, kết quả: ?`xm? k?
16:49:42 07-08-2025 >> Từ cổng: COM4$4800$8$None$1$None$LittleEndian$10$2, kết quả: ?
16:49:42 07-08-2025 >> Từ cổng: COM4$4800$8$None$1$None$LittleEndian$10$2, kết quả: v
16:49:42 07-08-2025 >> Từ cổng: COM4$4800$8$None$1$None$LittleEndian$10$2, kết quả: ??x?
16:49:42 07-08-2025 >> Từ cổng: COM4$4800$8$None$1$None$LittleEndian$10$2, kết quả: %
16:49:42 07-08-2025 >> Từ cổng: COM4$4800$8$None$1$None$LittleEndian$10$2, kết quả: 

16:49:42 07-08-2025 >> Từ cổng: COM4$4800$8$None$1$None$LittleEndian$10$2, kết quả: )
16:49:42 07-08-2025 >> Từ cổng: COM4$4800$8$None$1$None$LittleEndian$10$2, kết quả: ?
16:49:42 07-08-2025 >> Từ cổng: COM4$4800$8$None$1$None$LittleEndian$10$2, kết quả: ?
16:49:42 07-08-2025 >> Từ cổng: COM4$4800$8$None$1$None$LittleEndian$10$2, kết quả: `P??
16:49:42 07-08-2025 >> Từ cổng: COM4$4800$8$None$1$None$LittleEndian$10$2, kết quả: @?
17:02:07 07-08-2025 >> Từ cổng: COM4$4800$8$None$1$None$LittleEndian$10$2, kết quả: ?
17:02:07 07-08-2025 >> Từ cổng: COM4$4800$8$None$1$None$LittleEndian$10$2, kết quả: (?
17:02:07 07-08-2025 >> Từ cổng: COM4$4800$8$None$1$None$LittleEndian$10$2, kết quả: 
17:02:07 07-08-2025 >> Từ cổng: COM4$4800$8$None$1$None$LittleEndian$10$2, kết quả: <?
17:02:07 07-08-2025 >> Từ cổng: COM4$4800$8$None$1$None$LittleEndian$10$2, kết quả: (
17:02:07 07-08-2025 >> Từ cổng: COM4$4800$8$None$1$None$LittleEndian$10$2, kết quả: O
17:02:07 07-08-2025 >> Từ cổng: COM4$4800$8$None$1$None$LittleEndian$10$2, kết quả: ??
17:02:07 07-08-2025 >> Từ cổng: COM4$4800$8$None$1$None$LittleEndian$10$2, kết quả: ?
17:02:07 07-08-2025 >> Từ cổng: COM4$4800$8$None$1$None$LittleEndian$10$2, kết quả: 
17:02:08 07-08-2025 >> Từ cổng: COM4$4800$8$None$1$None$LittleEndian$10$2, kết quả: ?? ?
17:02:08 07-08-2025 >> Từ cổng: COM4$4800$8$None$1$None$LittleEndian$10$2, kết quả: H
17:02:08 07-08-2025 >> Từ cổng: COM4$4800$8$None$1$None$LittleEndian$10$2, kết quả: *?
17:02:08 07-08-2025 >> Từ cổng: COM4$4800$8$None$1$None$LittleEndian$10$2, kết quả: 8?
17:02:08 07-08-2025 >> Từ cổng: COM4$4800$8$None$1$None$LittleEndian$10$2, kết quả: ?
17:02:08 07-08-2025 >> Từ cổng: COM4$4800$8$None$1$None$LittleEndian$10$2, kết quả: `)V?!??
17:05:42 07-08-2025 >> Từ cổng: COM4$4800$8$None$1$None$LittleEndian$10$2, kết quả: ?
17:05:42 07-08-2025 >> Từ cổng: COM4$4800$8$None$1$None$LittleEndian$10$2, kết quả: ?I
17:05:42 07-08-2025 >> Từ cổng: COM4$4800$8$None$1$None$LittleEndian$10$2, kết quả: M94
17:05:42 07-08-2025 >> Từ cổng: COM4$4800$8$None$1$None$LittleEndian$10$2, kết quả: ?/I?
17:05:42 07-08-2025 >> Từ cổng: COM4$4800$8$None$1$None$LittleEndian$10$2, kết quả: ?
17:05:42 07-08-2025 >> Từ cổng: COM4$4800$8$None$1$None$LittleEndian$10$2, kết quả: 
17:05:42 07-08-2025 >> Từ cổng: COM4$4800$8$None$1$None$LittleEndian$10$2, kết quả: ?? 
17:05:42 07-08-2025 >> Từ cổng: COM4$4800$8$None$1$None$LittleEndian$10$2, kết quả: ?
17:05:42 07-08-2025 >> Từ cổng: COM4$4800$8$None$1$None$LittleEndian$10$2, kết quả: %
17:05:42 07-08-2025 >> Từ cổng: COM4$4800$8$None$1$None$LittleEndian$10$2, kết quả: 

17:05:42 07-08-2025 >> Từ cổng: COM4$4800$8$None$1$None$LittleEndian$10$2, kết quả: )
17:05:42 07-08-2025 >> Từ cổng: COM4$4800$8$None$1$None$LittleEndian$10$2, kết quả: ?
17:05:42 07-08-2025 >> Từ cổng: COM4$4800$8$None$1$None$LittleEndian$10$2, kết quả: ?
17:05:42 07-08-2025 >> Từ cổng: COM4$4800$8$None$1$None$LittleEndian$10$2, kết quả: ??
17:05:42 07-08-2025 >> Từ cổng: COM4$4800$8$None$1$None$LittleEndian$10$2, kết quả: ?
17:05:42 07-08-2025 >> Từ cổng: COM4$4800$8$None$1$None$LittleEndian$10$2, kết quả: \?
17:05:42 07-08-2025 >> Từ cổng: COM4$4800$8$None$1$None$LittleEndian$10$2, kết quả: ?
17:10:14 07-08-2025 >> Từ cổng: COM4$14400$8$None$1$None$LittleEndian$10$2, kết quả: ?26
17:10:14 07-08-2025 >> Từ cổng: COM4$14400$8$None$1$None$LittleEndian$10$2, kết quả: ?2Q?!U?LAF?2	?BI?2BF?B?jLM???@	???PF2?B?2BF2BF6BB?2BF??B?2
17:10:14 07-08-2025 >> Từ cổng: COM4$14400$8$None$1$None$LittleEndian$10$2, kết quả: BF??2IZ?
17:10:14 07-08-2025 >> Từ cổng: COM4$14400$8$None$1$None$LittleEndian$10$2, kết quả: FK*)@?
17:10:14 07-08-2025 >> Từ cổng: COM4$14400$8$None$1$None$LittleEndian$10$2, kết quả: U(
17:10:14 07-08-2025 >> Từ cổng: COM4$14400$8$None$1$None$LittleEndian$10$2, kết quả: 
17:10:54 07-08-2025 >> Từ cổng: COM4$14400$8$None$1$None$LittleEndian$10$2, kết quả: 
17:10:54 07-08-2025 >> Từ cổng: COM4$14400$8$None$1$None$LittleEndian$10$2, kết quả: ?26?2Q?!U?LAF?2	?BI?2B
17:10:54 07-08-2025 >> Từ cổng: COM4$14400$8$None$1$None$LittleEndian$10$2, kết quả: F?B?jLM???@	???PF2
17:10:54 07-08-2025 >> Từ cổng: COM4$14400$8$None$1$None$LittleEndian$10$2, kết quả: ?B?2BF2BF6BB?
17:10:54 07-08-2025 >> Từ cổng: COM4$14400$8$None$1$None$LittleEndian$10$2, kết quả: 2BF??B?2BF??2IZ?
17:10:54 07-08-2025 >> Từ cổng: COM4$14400$8$None$1$None$LittleEndian$10$2, kết quả: FK*)@
17:10:54 07-08-2025 >> Từ cổng: COM4$14400$8$None$1$None$LittleEndian$10$2, kết quả: ?U(
17:10:54 07-08-2025 >> Từ cổng: COM4$14400$8$None$1$None$LittleEndian$10$2, kết quả: 
17:11:16 07-08-2025 >> Từ cổng: COM4$14400$8$None$1$None$LittleEndian$10$2, kết quả: ?
17:11:16 07-08-2025 >> Từ cổng: COM4$14400$8$None$1$None$LittleEndian$10$2, kết quả: 26?2Q?!U?LAF?2	?BI?2BF?B?
17:11:16 07-08-2025 >> Từ cổng: COM4$14400$8$None$1$None$LittleEndian$10$2, kết quả: jLM???@	???PF2?B?2BF2
17:11:16 07-08-2025 >> Từ cổng: COM4$14400$8$None$1$None$LittleEndian$10$2, kết quả: BF6BB?2BF??B?2BF??2IZ?
17:11:16 07-08-2025 >> Từ cổng: COM4$14400$8$None$1$None$LittleEndian$10$2, kết quả: FK*)@
17:11:16 07-08-2025 >> Từ cổng: COM4$14400$8$None$1$None$LittleEndian$10$2, kết quả: ?U(
17:11:16 07-08-2025 >> Từ cổng: COM4$14400$8$None$1$None$LittleEndian$10$2, kết quả: 
17:12:35 07-08-2025 >> Từ cổng: COM4$19200$8$None$1$None$LittleEndian$10$2, kết quả: B,1,A1,
17:12:36 07-08-2025 >> Từ cổng: COM4$19200$8$None$1$None$LittleEndian$10$2, kết quả: 0,CORTISOL ,,1,3,001,0.000,1300.798,,Point to Point,,0,0.000,0.000,0.000,1500.000,0.000,1.000,1.000,2,5
17:12:36 07-08-2025 >> Từ cổng: COM4$19200$8$None$1$None$LittleEndian$10$2, kết quả: ,1855,
17:12:36 07-08-2025 >> Từ cổng: COM4$19200$8$None$1$None$LittleEndian$10$2, kết quả: TRANSFER FINISH
17:12:36 07-08-2025 >> Từ cổng: COM4$19200$8$None$1$None$LittleEndian$10$2, kết quả: 

17:41:37 07-08-2025 >> Từ cổng: COM4$9600$8$None$1$None$LittleEndian$10$2, kết quả: r69
17:41:37 07-08-2025 >> Từ cổng: COM4$9600$8$None$1$None$LittleEndian$10$2, kết quả: 3                   4.24 143.8 102.3  1.27  1.26  
17:41:37 07-08-2025 >> Từ cổng: COM4$9600$8$None$1$None$LittleEndian$10$2, kết quả: 2.53  7.39
